[2025-12-09 03:16:33] --- NEW REQUEST ---
[2025-12-09 03:16:33] udf_handle_upload called.
[2025-12-09 03:16:33] Logo loaded and encoded successfully. Base64 length: 185964
[2025-12-09 03:16:33] Starting PDF generation (Modern Dompdf)...
[2025-12-09 03:16:33] PDF generated successfully.
[2025-12-09 03:16:36] WP Mail: E-mail enviado com sucesso para a fila.
[2025-12-09 03:16:36] Erro no upload do Google Drive: {
  "error": "access_denied",
  "error_description": "Account Restricted",
  "error_uri": "https://access.workspace.google.com/ServiceNotAllowed?application\u003d55656082996\u0026source\u003dscrip"
}
[2025-12-09 03:16:37] Creating QUALIEX occurrence with data: {"companyId":"dEtnzDjd","name":"Reclama\u00e7\u00e3o - Protocolo-20251209031633","description":"<strong>Nome \/ Raz\u00e3o Social:<\/strong> Fernando<br><strong>CPF:<\/strong> 123456789<br><strong>CNPJ:<\/strong> <br><strong>Email:<\/strong> fernandofalat@gmailc.om<br><strong>Telefone:<\/strong> 123456789<br><br><strong>Relat\u00f3rio excede 4000 caracteres, cheque o anexo da ocorr\u00eancia<\/strong>","categoryId":"L8yHAAD4"}
[2025-12-09 03:16:38] QUALIEX Occurrence Creation Response: {"rows":0,"resultData":{"id":"VkhJbZtc","code":"25-00135","name":"Reclamação - Protocolo-20251209031633","description":"<strong>Nome / Razão Social:</strong> Fernando<br><strong>CPF:</strong> 123456789<br><strong>CNPJ:</strong> <br><strong>Email:</strong> fernandofalat@gmailc.om<br><strong>Telefone:</strong> 123456789<br><br><strong>Relatório excede 4000 caracteres, cheque o anexo da ocorrência</strong>","creationUserId":"6uI2ghcn","categoryId":"L8yHAAD4","category":{"id":"L8yHAAD4","companyId":"dEtnzDjd","name":"Reclamação de cliente","methodId":1,"daysEvaluation":1,"daysCausesAnalysis":2,"daysActionPlanElaboration":5,"daysActionPlanExecution":7,"daysEffectivenessCheck":10,"daysStandardization":5,"icon":"face","isActive":true,"creationDate":"2024-11-27T19:04:33.1365627+00:00","lastModified":"2024-11-27T19:04:33.1379852+00:00","isOfflineCommand":false,"activeCauseAnalysis":true,"activeEffectivenessCheck":true,"activeStandardization":true,"allTypesAssociated":true,"removed":false},"companyId":"dEtnzDjd","statusId":2,"methodId":1,"endDate":"2026-01-20T03:16:37.3717165+00:00","creationDate":"2025-12-09T03:16:37.3674671+00:00","lastModified":"2025-12-09T03:16:37.3762654+00:00","sketch":false,"isOfflineCommand":false,"phasesAssociation":[{"id":"rGWhLwfV","occurrenceId":"VkhJbZtc","statusId":2,"durationDays":1,"endDate":"2025-12-10T03:16:37.3717165+00:00","lastModified":"2025-12-09T03:16:37.3762654+00:00","isOfflineCommand":false,"companyId":"dEtnzDjd","realStartDate":"2025-12-09T03:16:37.3719056+00:00","removed":false},{"id":"RW6wiSVc","occurrenceId":"VkhJbZtc","statusId":3,"durationDays":2,"endDate":"2025-12-12T03:16:37.3717165+00:00","lastModified":"2025-12-09T03:16:37.3762654+00:00","isOfflineCommand":false,"companyId":"dEtnzDjd","removed":false},{"id":"wg5NPQSj","occurrenceId":"VkhJbZtc","statusId":4,"durationDays":5,"endDate":"2025-12-19T03:16:37.3717165+00:00","lastModified":"2025-12-09T03:16:37.3762654+00:00","isOfflineCommand":false,"companyId":"dEtnzDjd","removed":false},{"id":"9xmzhBci","occurrenceId":"VkhJbZtc","statusId":5,"durationDays":7,"endDate":"2025-12-30T03:16:37.3717165+00:00","lastModified":"2025-12-09T03:16:37.3762654+00:00","isOfflineCommand":false,"companyId":"dEtnzDjd","removed":false},{"id":"iaSHsnBI","occurrenceId":"VkhJbZtc","statusId":6,"durationDays":10,"endDate":"2026-01-13T03:16:37.3717165+00:00","lastModified":"2025-12-09T03:16:37.3762654+00:00","isOfflineCommand":false,"companyId":"dEtnzDjd","removed":false},{"id":"N6Pu0uL2","occurrenceId":"VkhJbZtc","statusId":7,"durationDays":5,"endDate":"2026-01-20T03:16:37.3717165+00:00","lastModified":"2025-12-09T03:16:37.3762654+00:00","isOfflineCommand":false,"companyId":"dEtnzDjd","removed":false},{"id":"o5cUTGnB","occurrenceId":"VkhJbZtc","statusId":18,"durationDays":5,"endDate":"2025-12-16T03:16:37.371725+00:00","lastModified":"2025-12-09T03:16:37.3762654+00:00","isOfflineCommand":false,"companyId":"dEtnzDjd","removed":false},{"id":"OD7eaGDf","occurrenceId":"VkhJbZtc","statusId":16,"durationDays":1,"endDate":"2025-12-10T03:16:37.3717165+00:00","lastModified":"2025-12-09T03:16:37.3762654+00:00","isOfflineCommand":false,"companyId":"dEtnzDjd","previousPhaseId":"rGWhLwfV","removed":false},{"id":"LOe70dJ9","occurrenceId":"VkhJbZtc","statusId":11,"durationDays":2,"endDate":"2025-12-12T03:16:37.3717165+00:00","lastModified":"2025-12-09T03:16:37.3762654+00:00","isOfflineCommand":false,"companyId":"dEtnzDjd","previousPhaseId":"RW6wiSVc","removed":false},{"id":"Em0J1ojF","occurrenceId":"VkhJbZtc","statusId":12,"durationDays":5,"endDate":"2025-12-19T03:16:37.3717165+00:00","lastModified":"2025-12-09T03:16:37.3762654+00:00","isOfflineCommand":false,"companyId":"dEtnzDjd","previousPhaseId":"wg5NPQSj","removed":false},{"id":"LjacphoC","occurrenceId":"VkhJbZtc","statusId":13,"durationDays":7,"endDate":"2025-12-30T03:16:37.3717165+00:00","lastModified":"2025-12-09T03:16:37.3762654+00:00","isOfflineCommand":false,"companyId":"dEtnzDjd","previousPhaseId":"9xmzhBci","removed":false},{"id":"NhSPfny6","occurrenceId":"VkhJbZtc","statusId":14,"durationDays":10,"endDate":"2026-01-13T03:16:37.3717165+00:00","lastModified":"2025-12-09T03:16:37.3762654+00:00","isOfflineCommand":false,"companyId":"dEtnzDjd","previousPhaseId":"iaSHsnBI","removed":false},{"id":"szIcfD2a","occurrenceId":"VkhJbZtc","statusId":15,"durationDays":5,"endDate":"2026-01-20T03:16:37.3717165+00:00","lastModified":"2025-12-09T03:16:37.3762654+00:00","isOfflineCommand":false,"companyId":"dEtnzDjd","previousPhaseId":"N6Pu0uL2","removed":false}],"isMobile":false,"isConfidential":false,"isUserGroupDirected":false,"allowPlanBeforeAnalyze":false,"completeActionsBeforeAdvance":true,"checkerActionsRequired":false,"checkerResponsibleEquals":true,"checkerResponsibleEqualsInOccurrences":true,"executeActionsOnlyInActionPlanExecutionStep":false,"allowDefineActionPlanOutDeadline":true,"ishikawaDiagramRequired":false,"tree5WhyDiagramRequired":false,"allowTreeDiagram":true,"mandatoryAttachment":false,"allowAttachmentsBeforeApproval":false,"daysWorkId":1,"canceledByAudit":0,"rootCauseIdentificationRequired":false,"responsibleDeadlinesChangesCount":0,"removed":false}}
[2025-12-09 03:16:38] Uploading PDF to QUALIEX. Occurrence ID: VkhJbZtc
[2025-12-09 03:16:39] QUALIEX PDF Upload Response: {"rows":0}
[2025-12-09 03:16:39] PDF report uploaded successfully for occurrence ID: VkhJbZtc.
[2025-12-09 03:17:08] Script loaded.
[2025-12-09 03:17:08] Autoloader loaded.
[2025-12-09 03:17:08] Script loaded.
[2025-12-09 03:17:08] Autoloader loaded.
[2025-12-09 03:18:26] Script loaded.
[2025-12-09 03:18:26] Autoloader loaded.
[2025-12-09 03:18:26] Script loaded.
[2025-12-09 03:18:26] Autoloader loaded.
[2025-12-09 03:18:26] Script loaded.
[2025-12-09 03:18:26] Autoloader loaded.
[2025-12-09 03:18:36] Script loaded.
[2025-12-09 03:18:36] Autoloader loaded.
[2025-12-09 03:20:37] Script loaded.
[2025-12-09 03:20:37] Autoloader loaded.
[2025-12-09 03:20:37] Script loaded.
[2025-12-09 03:20:37] Autoloader loaded.
[2025-12-09 03:22:38] Script loaded.
[2025-12-09 03:22:38] Autoloader loaded.
[2025-12-09 03:22:38] Script loaded.
[2025-12-09 03:22:38] Autoloader loaded.
[2025-12-09 03:23:23] Script loaded.
[2025-12-09 03:23:23] Autoloader loaded.
